2026-02-17 20:28:01 - Start searchVariantes
Query: ca
Error: SQLSTATE[42703]: Undefined column: 7 ERROR:  column um1.codigo does not exist
LINE 15:                     um1.codigo AS um_compra_codigo,
                             ^
HINT:  Perhaps you meant to reference the column "p.codigo" or the column "tp.codigo".
Trace: #0 /projects/mrp/app/Repositories/SearchRepository.php(95): PDOStatement->execute()
#1 /projects/mrp/app/Services/SearchService.php(49): App\Repositories\SearchRepository->searchVariantes()
#2 /projects/mrp/app/Controllers/Api/SearchController.php(133): App\Services\SearchService->searchVariantes()
#3 /projects/mrp/app/Core/Routing/Router.php(93): App\Controllers\Api\SearchController->searchVariantes()
#4 /projects/mrp/app/Core/Routing/Router.php(62): App\Core\Routing\Router->executeAction()
#5 /projects/mrp/app/Core/Kernel.php(44): App\Core\Routing\Router->dispatch()
#6 /projects/mrp/app/Core/Kernel.php(37): App\Core\Kernel->dispatch()
#7 /projects/mrp/app/Middleware/SecurityHeadersMiddleware.php(15): App\Core\Kernel->{closure:App\Core\Kernel::handle():36}()
#8 /projects/mrp/app/Core/Middleware/MiddlewarePipeline.php(27): App\Middleware\SecurityHeadersMiddleware->handle()
#9 /projects/mrp/app/Middleware/AuthenticateMiddleware.php(30): App\Core\Middleware\MiddlewarePipeline->{closure:{closure:App\Core\Middleware\MiddlewarePipeline::process():25}:26}()
#10 /projects/mrp/app/Core/Middleware/MiddlewarePipeline.php(27): App\Middleware\AuthenticateMiddleware->handle()
#11 /projects/mrp/app/Middleware/SessionMiddleware.php(17): App\Core\Middleware\MiddlewarePipeline->{closure:{closure:App\Core\Middleware\MiddlewarePipeline::process():25}:26}()
#12 /projects/mrp/app/Core/Middleware/MiddlewarePipeline.php(27): App\Middleware\SessionMiddleware->handle()
#13 /projects/mrp/app/Core/Middleware/MiddlewarePipeline.php(33): App\Core\Middleware\MiddlewarePipeline->{closure:{closure:App\Core\Middleware\MiddlewarePipeline::process():25}:26}()
#14 /projects/mrp/app/Core/Kernel.php(36): App\Core\Middleware\MiddlewarePipeline->process()
#15 /projects/mrp/public/index.php(10): App\Core\Kernel->handle()
#16 {main}
2026-02-17 20:28:03 - Start searchVariantes
Query: cab
Error: SQLSTATE[42703]: Undefined column: 7 ERROR:  column um1.codigo does not exist
LINE 15:                     um1.codigo AS um_compra_codigo,
                             ^
HINT:  Perhaps you meant to reference the column "p.codigo" or the column "tp.codigo".
Trace: #0 /projects/mrp/app/Repositories/SearchRepository.php(95): PDOStatement->execute()
#1 /projects/mrp/app/Services/SearchService.php(49): App\Repositories\SearchRepository->searchVariantes()
#2 /projects/mrp/app/Controllers/Api/SearchController.php(133): App\Services\SearchService->searchVariantes()
#3 /projects/mrp/app/Core/Routing/Router.php(93): App\Controllers\Api\SearchController->searchVariantes()
#4 /projects/mrp/app/Core/Routing/Router.php(62): App\Core\Routing\Router->executeAction()
#5 /projects/mrp/app/Core/Kernel.php(44): App\Core\Routing\Router->dispatch()
#6 /projects/mrp/app/Core/Kernel.php(37): App\Core\Kernel->dispatch()
#7 /projects/mrp/app/Middleware/SecurityHeadersMiddleware.php(15): App\Core\Kernel->{closure:App\Core\Kernel::handle():36}()
#8 /projects/mrp/app/Core/Middleware/MiddlewarePipeline.php(27): App\Middleware\SecurityHeadersMiddleware->handle()
#9 /projects/mrp/app/Middleware/AuthenticateMiddleware.php(30): App\Core\Middleware\MiddlewarePipeline->{closure:{closure:App\Core\Middleware\MiddlewarePipeline::process():25}:26}()
#10 /projects/mrp/app/Core/Middleware/MiddlewarePipeline.php(27): App\Middleware\AuthenticateMiddleware->handle()
#11 /projects/mrp/app/Middleware/SessionMiddleware.php(17): App\Core\Middleware\MiddlewarePipeline->{closure:{closure:App\Core\Middleware\MiddlewarePipeline::process():25}:26}()
#12 /projects/mrp/app/Core/Middleware/MiddlewarePipeline.php(27): App\Middleware\SessionMiddleware->handle()
#13 /projects/mrp/app/Core/Middleware/MiddlewarePipeline.php(33): App\Core\Middleware\MiddlewarePipeline->{closure:{closure:App\Core\Middleware\MiddlewarePipeline::process():25}:26}()
#14 /projects/mrp/app/Core/Kernel.php(36): App\Core\Middleware\MiddlewarePipeline->process()
#15 /projects/mrp/public/index.php(10): App\Core\Kernel->handle()
#16 {main}
2026-02-17 20:28:14 - Start searchVariantes
Query: ca
Error: SQLSTATE[42703]: Undefined column: 7 ERROR:  column um1.codigo does not exist
LINE 15:                     um1.codigo AS um_compra_codigo,
                             ^
HINT:  Perhaps you meant to reference the column "p.codigo" or the column "tp.codigo".
Trace: #0 /projects/mrp/app/Repositories/SearchRepository.php(95): PDOStatement->execute()
#1 /projects/mrp/app/Services/SearchService.php(49): App\Repositories\SearchRepository->searchVariantes()
#2 /projects/mrp/app/Controllers/Api/SearchController.php(133): App\Services\SearchService->searchVariantes()
#3 /projects/mrp/app/Core/Routing/Router.php(93): App\Controllers\Api\SearchController->searchVariantes()
#4 /projects/mrp/app/Core/Routing/Router.php(62): App\Core\Routing\Router->executeAction()
#5 /projects/mrp/app/Core/Kernel.php(44): App\Core\Routing\Router->dispatch()
#6 /projects/mrp/app/Core/Kernel.php(37): App\Core\Kernel->dispatch()
#7 /projects/mrp/app/Middleware/SecurityHeadersMiddleware.php(15): App\Core\Kernel->{closure:App\Core\Kernel::handle():36}()
#8 /projects/mrp/app/Core/Middleware/MiddlewarePipeline.php(27): App\Middleware\SecurityHeadersMiddleware->handle()
#9 /projects/mrp/app/Middleware/AuthenticateMiddleware.php(30): App\Core\Middleware\MiddlewarePipeline->{closure:{closure:App\Core\Middleware\MiddlewarePipeline::process():25}:26}()
#10 /projects/mrp/app/Core/Middleware/MiddlewarePipeline.php(27): App\Middleware\AuthenticateMiddleware->handle()
#11 /projects/mrp/app/Middleware/SessionMiddleware.php(17): App\Core\Middleware\MiddlewarePipeline->{closure:{closure:App\Core\Middleware\MiddlewarePipeline::process():25}:26}()
#12 /projects/mrp/app/Core/Middleware/MiddlewarePipeline.php(27): App\Middleware\SessionMiddleware->handle()
#13 /projects/mrp/app/Core/Middleware/MiddlewarePipeline.php(33): App\Core\Middleware\MiddlewarePipeline->{closure:{closure:App\Core\Middleware\MiddlewarePipeline::process():25}:26}()
#14 /projects/mrp/app/Core/Kernel.php(36): App\Core\Middleware\MiddlewarePipeline->process()
#15 /projects/mrp/public/index.php(10): App\Core\Kernel->handle()
#16 {main}
2026-02-17 20:28:59 - Start searchVariantes
Query: ca
Error: SQLSTATE[42703]: Undefined column: 7 ERROR:  column um1.codigo does not exist
LINE 15:                     um1.codigo AS um_compra_codigo,
                             ^
HINT:  Perhaps you meant to reference the column "p.codigo" or the column "tp.codigo".
Trace: #0 /projects/mrp/app/Repositories/SearchRepository.php(95): PDOStatement->execute()
#1 /projects/mrp/app/Services/SearchService.php(49): App\Repositories\SearchRepository->searchVariantes()
#2 /projects/mrp/app/Controllers/Api/SearchController.php(133): App\Services\SearchService->searchVariantes()
#3 /projects/mrp/app/Core/Routing/Router.php(93): App\Controllers\Api\SearchController->searchVariantes()
#4 /projects/mrp/app/Core/Routing/Router.php(62): App\Core\Routing\Router->executeAction()
#5 /projects/mrp/app/Core/Kernel.php(44): App\Core\Routing\Router->dispatch()
#6 /projects/mrp/app/Core/Kernel.php(37): App\Core\Kernel->dispatch()
#7 /projects/mrp/app/Middleware/SecurityHeadersMiddleware.php(15): App\Core\Kernel->{closure:App\Core\Kernel::handle():36}()
#8 /projects/mrp/app/Core/Middleware/MiddlewarePipeline.php(27): App\Middleware\SecurityHeadersMiddleware->handle()
#9 /projects/mrp/app/Middleware/AuthenticateMiddleware.php(30): App\Core\Middleware\MiddlewarePipeline->{closure:{closure:App\Core\Middleware\MiddlewarePipeline::process():25}:26}()
#10 /projects/mrp/app/Core/Middleware/MiddlewarePipeline.php(27): App\Middleware\AuthenticateMiddleware->handle()
#11 /projects/mrp/app/Middleware/SessionMiddleware.php(17): App\Core\Middleware\MiddlewarePipeline->{closure:{closure:App\Core\Middleware\MiddlewarePipeline::process():25}:26}()
#12 /projects/mrp/app/Core/Middleware/MiddlewarePipeline.php(27): App\Middleware\SessionMiddleware->handle()
#13 /projects/mrp/app/Core/Middleware/MiddlewarePipeline.php(33): App\Core\Middleware\MiddlewarePipeline->{closure:{closure:App\Core\Middleware\MiddlewarePipeline::process():25}:26}()
#14 /projects/mrp/app/Core/Kernel.php(36): App\Core\Middleware\MiddlewarePipeline->process()
#15 /projects/mrp/public/index.php(10): App\Core\Kernel->handle()
#16 {main}
2026-02-17 20:31:06 - Start searchVariantes
Query: ca
Error: SQLSTATE[42703]: Undefined column: 7 ERROR:  column um1.codigo does not exist
LINE 15:                     um1.codigo AS um_compra_codigo,
                             ^
HINT:  Perhaps you meant to reference the column "p.codigo" or the column "tp.codigo".
Trace: #0 /projects/mrp/app/Repositories/SearchRepository.php(95): PDOStatement->execute()
#1 /projects/mrp/app/Services/SearchService.php(49): App\Repositories\SearchRepository->searchVariantes()
#2 /projects/mrp/app/Controllers/Api/SearchController.php(133): App\Services\SearchService->searchVariantes()
#3 /projects/mrp/app/Core/Routing/Router.php(93): App\Controllers\Api\SearchController->searchVariantes()
#4 /projects/mrp/app/Core/Routing/Router.php(62): App\Core\Routing\Router->executeAction()
#5 /projects/mrp/app/Core/Kernel.php(44): App\Core\Routing\Router->dispatch()
#6 /projects/mrp/app/Core/Kernel.php(37): App\Core\Kernel->dispatch()
#7 /projects/mrp/app/Middleware/SecurityHeadersMiddleware.php(15): App\Core\Kernel->{closure:App\Core\Kernel::handle():36}()
#8 /projects/mrp/app/Core/Middleware/MiddlewarePipeline.php(27): App\Middleware\SecurityHeadersMiddleware->handle()
#9 /projects/mrp/app/Middleware/AuthenticateMiddleware.php(30): App\Core\Middleware\MiddlewarePipeline->{closure:{closure:App\Core\Middleware\MiddlewarePipeline::process():25}:26}()
#10 /projects/mrp/app/Core/Middleware/MiddlewarePipeline.php(27): App\Middleware\AuthenticateMiddleware->handle()
#11 /projects/mrp/app/Middleware/SessionMiddleware.php(17): App\Core\Middleware\MiddlewarePipeline->{closure:{closure:App\Core\Middleware\MiddlewarePipeline::process():25}:26}()
#12 /projects/mrp/app/Core/Middleware/MiddlewarePipeline.php(27): App\Middleware\SessionMiddleware->handle()
#13 /projects/mrp/app/Core/Middleware/MiddlewarePipeline.php(33): App\Core\Middleware\MiddlewarePipeline->{closure:{closure:App\Core\Middleware\MiddlewarePipeline::process():25}:26}()
#14 /projects/mrp/app/Core/Kernel.php(36): App\Core\Middleware\MiddlewarePipeline->process()
#15 /projects/mrp/public/index.php(10): App\Core\Kernel->handle()
#16 {main}
2026-02-17 20:31:06 - Start searchVariantes
Query: cab
Error: SQLSTATE[42703]: Undefined column: 7 ERROR:  column um1.codigo does not exist
LINE 15:                     um1.codigo AS um_compra_codigo,
                             ^
HINT:  Perhaps you meant to reference the column "p.codigo" or the column "tp.codigo".
Trace: #0 /projects/mrp/app/Repositories/SearchRepository.php(95): PDOStatement->execute()
#1 /projects/mrp/app/Services/SearchService.php(49): App\Repositories\SearchRepository->searchVariantes()
#2 /projects/mrp/app/Controllers/Api/SearchController.php(133): App\Services\SearchService->searchVariantes()
#3 /projects/mrp/app/Core/Routing/Router.php(93): App\Controllers\Api\SearchController->searchVariantes()
#4 /projects/mrp/app/Core/Routing/Router.php(62): App\Core\Routing\Router->executeAction()
#5 /projects/mrp/app/Core/Kernel.php(44): App\Core\Routing\Router->dispatch()
#6 /projects/mrp/app/Core/Kernel.php(37): App\Core\Kernel->dispatch()
#7 /projects/mrp/app/Middleware/SecurityHeadersMiddleware.php(15): App\Core\Kernel->{closure:App\Core\Kernel::handle():36}()
#8 /projects/mrp/app/Core/Middleware/MiddlewarePipeline.php(27): App\Middleware\SecurityHeadersMiddleware->handle()
#9 /projects/mrp/app/Middleware/AuthenticateMiddleware.php(30): App\Core\Middleware\MiddlewarePipeline->{closure:{closure:App\Core\Middleware\MiddlewarePipeline::process():25}:26}()
#10 /projects/mrp/app/Core/Middleware/MiddlewarePipeline.php(27): App\Middleware\AuthenticateMiddleware->handle()
#11 /projects/mrp/app/Middleware/SessionMiddleware.php(17): App\Core\Middleware\MiddlewarePipeline->{closure:{closure:App\Core\Middleware\MiddlewarePipeline::process():25}:26}()
#12 /projects/mrp/app/Core/Middleware/MiddlewarePipeline.php(27): App\Middleware\SessionMiddleware->handle()
#13 /projects/mrp/app/Core/Middleware/MiddlewarePipeline.php(33): App\Core\Middleware\MiddlewarePipeline->{closure:{closure:App\Core\Middleware\MiddlewarePipeline::process():25}:26}()
#14 /projects/mrp/app/Core/Kernel.php(36): App\Core\Middleware\MiddlewarePipeline->process()
#15 /projects/mrp/public/index.php(10): App\Core\Kernel->handle()
#16 {main}
2026-02-17 20:35:10 - Start searchVariantes
Query: cab
Error: SQLSTATE[42703]: Undefined column: 7 ERROR:  column um1.codigo does not exist
LINE 15:                     um1.codigo AS um_compra_codigo,
                             ^
HINT:  Perhaps you meant to reference the column "p.codigo" or the column "tp.codigo".
Trace: #0 /projects/mrp/app/Repositories/SearchRepository.php(95): PDOStatement->execute()
#1 /projects/mrp/app/Services/SearchService.php(49): App\Repositories\SearchRepository->searchVariantes()
#2 /projects/mrp/app/Controllers/Api/SearchController.php(133): App\Services\SearchService->searchVariantes()
#3 /projects/mrp/app/Core/Routing/Router.php(93): App\Controllers\Api\SearchController->searchVariantes()
#4 /projects/mrp/app/Core/Routing/Router.php(62): App\Core\Routing\Router->executeAction()
#5 /projects/mrp/app/Core/Kernel.php(44): App\Core\Routing\Router->dispatch()
#6 /projects/mrp/app/Core/Kernel.php(37): App\Core\Kernel->dispatch()
#7 /projects/mrp/app/Middleware/SecurityHeadersMiddleware.php(15): App\Core\Kernel->{closure:App\Core\Kernel::handle():36}()
#8 /projects/mrp/app/Core/Middleware/MiddlewarePipeline.php(27): App\Middleware\SecurityHeadersMiddleware->handle()
#9 /projects/mrp/app/Middleware/AuthenticateMiddleware.php(30): App\Core\Middleware\MiddlewarePipeline->{closure:{closure:App\Core\Middleware\MiddlewarePipeline::process():25}:26}()
#10 /projects/mrp/app/Core/Middleware/MiddlewarePipeline.php(27): App\Middleware\AuthenticateMiddleware->handle()
#11 /projects/mrp/app/Middleware/SessionMiddleware.php(17): App\Core\Middleware\MiddlewarePipeline->{closure:{closure:App\Core\Middleware\MiddlewarePipeline::process():25}:26}()
#12 /projects/mrp/app/Core/Middleware/MiddlewarePipeline.php(27): App\Middleware\SessionMiddleware->handle()
#13 /projects/mrp/app/Core/Middleware/MiddlewarePipeline.php(33): App\Core\Middleware\MiddlewarePipeline->{closure:{closure:App\Core\Middleware\MiddlewarePipeline::process():25}:26}()
#14 /projects/mrp/app/Core/Kernel.php(36): App\Core\Middleware\MiddlewarePipeline->process()
#15 /projects/mrp/public/index.php(10): App\Core\Kernel->handle()
#16 {main}
2026-02-17 20:35:10 - Start searchVariantes
Query: cable
Error: SQLSTATE[42703]: Undefined column: 7 ERROR:  column um1.codigo does not exist
LINE 15:                     um1.codigo AS um_compra_codigo,
                             ^
HINT:  Perhaps you meant to reference the column "p.codigo" or the column "tp.codigo".
Trace: #0 /projects/mrp/app/Repositories/SearchRepository.php(95): PDOStatement->execute()
#1 /projects/mrp/app/Services/SearchService.php(49): App\Repositories\SearchRepository->searchVariantes()
#2 /projects/mrp/app/Controllers/Api/SearchController.php(133): App\Services\SearchService->searchVariantes()
#3 /projects/mrp/app/Core/Routing/Router.php(93): App\Controllers\Api\SearchController->searchVariantes()
#4 /projects/mrp/app/Core/Routing/Router.php(62): App\Core\Routing\Router->executeAction()
#5 /projects/mrp/app/Core/Kernel.php(44): App\Core\Routing\Router->dispatch()
#6 /projects/mrp/app/Core/Kernel.php(37): App\Core\Kernel->dispatch()
#7 /projects/mrp/app/Middleware/SecurityHeadersMiddleware.php(15): App\Core\Kernel->{closure:App\Core\Kernel::handle():36}()
#8 /projects/mrp/app/Core/Middleware/MiddlewarePipeline.php(27): App\Middleware\SecurityHeadersMiddleware->handle()
#9 /projects/mrp/app/Middleware/AuthenticateMiddleware.php(30): App\Core\Middleware\MiddlewarePipeline->{closure:{closure:App\Core\Middleware\MiddlewarePipeline::process():25}:26}()
#10 /projects/mrp/app/Core/Middleware/MiddlewarePipeline.php(27): App\Middleware\AuthenticateMiddleware->handle()
#11 /projects/mrp/app/Middleware/SessionMiddleware.php(17): App\Core\Middleware\MiddlewarePipeline->{closure:{closure:App\Core\Middleware\MiddlewarePipeline::process():25}:26}()
#12 /projects/mrp/app/Core/Middleware/MiddlewarePipeline.php(27): App\Middleware\SessionMiddleware->handle()
#13 /projects/mrp/app/Core/Middleware/MiddlewarePipeline.php(33): App\Core\Middleware\MiddlewarePipeline->{closure:{closure:App\Core\Middleware\MiddlewarePipeline::process():25}:26}()
#14 /projects/mrp/app/Core/Kernel.php(36): App\Core\Middleware\MiddlewarePipeline->process()
#15 /projects/mrp/public/index.php(10): App\Core\Kernel->handle()
#16 {main}
2026-02-17 20:35:15 - Start searchVariantes
Query: ro
Error: SQLSTATE[42703]: Undefined column: 7 ERROR:  column um1.codigo does not exist
LINE 15:                     um1.codigo AS um_compra_codigo,
                             ^
HINT:  Perhaps you meant to reference the column "p.codigo" or the column "tp.codigo".
Trace: #0 /projects/mrp/app/Repositories/SearchRepository.php(95): PDOStatement->execute()
#1 /projects/mrp/app/Services/SearchService.php(49): App\Repositories\SearchRepository->searchVariantes()
#2 /projects/mrp/app/Controllers/Api/SearchController.php(133): App\Services\SearchService->searchVariantes()
#3 /projects/mrp/app/Core/Routing/Router.php(93): App\Controllers\Api\SearchController->searchVariantes()
#4 /projects/mrp/app/Core/Routing/Router.php(62): App\Core\Routing\Router->executeAction()
#5 /projects/mrp/app/Core/Kernel.php(44): App\Core\Routing\Router->dispatch()
#6 /projects/mrp/app/Core/Kernel.php(37): App\Core\Kernel->dispatch()
#7 /projects/mrp/app/Middleware/SecurityHeadersMiddleware.php(15): App\Core\Kernel->{closure:App\Core\Kernel::handle():36}()
#8 /projects/mrp/app/Core/Middleware/MiddlewarePipeline.php(27): App\Middleware\SecurityHeadersMiddleware->handle()
#9 /projects/mrp/app/Middleware/AuthenticateMiddleware.php(30): App\Core\Middleware\MiddlewarePipeline->{closure:{closure:App\Core\Middleware\MiddlewarePipeline::process():25}:26}()
#10 /projects/mrp/app/Core/Middleware/MiddlewarePipeline.php(27): App\Middleware\AuthenticateMiddleware->handle()
#11 /projects/mrp/app/Middleware/SessionMiddleware.php(17): App\Core\Middleware\MiddlewarePipeline->{closure:{closure:App\Core\Middleware\MiddlewarePipeline::process():25}:26}()
#12 /projects/mrp/app/Core/Middleware/MiddlewarePipeline.php(27): App\Middleware\SessionMiddleware->handle()
#13 /projects/mrp/app/Core/Middleware/MiddlewarePipeline.php(33): App\Core\Middleware\MiddlewarePipeline->{closure:{closure:App\Core\Middleware\MiddlewarePipeline::process():25}:26}()
#14 /projects/mrp/app/Core/Kernel.php(36): App\Core\Middleware\MiddlewarePipeline->process()
#15 /projects/mrp/public/index.php(10): App\Core\Kernel->handle()
#16 {main}
2026-02-17 20:35:16 - Start searchVariantes
Query: rojo
Error: SQLSTATE[42703]: Undefined column: 7 ERROR:  column um1.codigo does not exist
LINE 15:                     um1.codigo AS um_compra_codigo,
                             ^
HINT:  Perhaps you meant to reference the column "p.codigo" or the column "tp.codigo".
Trace: #0 /projects/mrp/app/Repositories/SearchRepository.php(95): PDOStatement->execute()
#1 /projects/mrp/app/Services/SearchService.php(49): App\Repositories\SearchRepository->searchVariantes()
#2 /projects/mrp/app/Controllers/Api/SearchController.php(133): App\Services\SearchService->searchVariantes()
#3 /projects/mrp/app/Core/Routing/Router.php(93): App\Controllers\Api\SearchController->searchVariantes()
#4 /projects/mrp/app/Core/Routing/Router.php(62): App\Core\Routing\Router->executeAction()
#5 /projects/mrp/app/Core/Kernel.php(44): App\Core\Routing\Router->dispatch()
#6 /projects/mrp/app/Core/Kernel.php(37): App\Core\Kernel->dispatch()
#7 /projects/mrp/app/Middleware/SecurityHeadersMiddleware.php(15): App\Core\Kernel->{closure:App\Core\Kernel::handle():36}()
#8 /projects/mrp/app/Core/Middleware/MiddlewarePipeline.php(27): App\Middleware\SecurityHeadersMiddleware->handle()
#9 /projects/mrp/app/Middleware/AuthenticateMiddleware.php(30): App\Core\Middleware\MiddlewarePipeline->{closure:{closure:App\Core\Middleware\MiddlewarePipeline::process():25}:26}()
#10 /projects/mrp/app/Core/Middleware/MiddlewarePipeline.php(27): App\Middleware\AuthenticateMiddleware->handle()
#11 /projects/mrp/app/Middleware/SessionMiddleware.php(17): App\Core\Middleware\MiddlewarePipeline->{closure:{closure:App\Core\Middleware\MiddlewarePipeline::process():25}:26}()
#12 /projects/mrp/app/Core/Middleware/MiddlewarePipeline.php(27): App\Middleware\SessionMiddleware->handle()
#13 /projects/mrp/app/Core/Middleware/MiddlewarePipeline.php(33): App\Core\Middleware\MiddlewarePipeline->{closure:{closure:App\Core\Middleware\MiddlewarePipeline::process():25}:26}()
#14 /projects/mrp/app/Core/Kernel.php(36): App\Core\Middleware\MiddlewarePipeline->process()
#15 /projects/mrp/public/index.php(10): App\Core\Kernel->handle()
#16 {main}
2026-02-17 20:35:21 - Start searchVariantes
Query: mp
Error: SQLSTATE[42703]: Undefined column: 7 ERROR:  column um1.codigo does not exist
LINE 15:                     um1.codigo AS um_compra_codigo,
                             ^
HINT:  Perhaps you meant to reference the column "p.codigo" or the column "tp.codigo".
Trace: #0 /projects/mrp/app/Repositories/SearchRepository.php(95): PDOStatement->execute()
#1 /projects/mrp/app/Services/SearchService.php(49): App\Repositories\SearchRepository->searchVariantes()
#2 /projects/mrp/app/Controllers/Api/SearchController.php(133): App\Services\SearchService->searchVariantes()
#3 /projects/mrp/app/Core/Routing/Router.php(93): App\Controllers\Api\SearchController->searchVariantes()
#4 /projects/mrp/app/Core/Routing/Router.php(62): App\Core\Routing\Router->executeAction()
#5 /projects/mrp/app/Core/Kernel.php(44): App\Core\Routing\Router->dispatch()
#6 /projects/mrp/app/Core/Kernel.php(37): App\Core\Kernel->dispatch()
#7 /projects/mrp/app/Middleware/SecurityHeadersMiddleware.php(15): App\Core\Kernel->{closure:App\Core\Kernel::handle():36}()
#8 /projects/mrp/app/Core/Middleware/MiddlewarePipeline.php(27): App\Middleware\SecurityHeadersMiddleware->handle()
#9 /projects/mrp/app/Middleware/AuthenticateMiddleware.php(30): App\Core\Middleware\MiddlewarePipeline->{closure:{closure:App\Core\Middleware\MiddlewarePipeline::process():25}:26}()
#10 /projects/mrp/app/Core/Middleware/MiddlewarePipeline.php(27): App\Middleware\AuthenticateMiddleware->handle()
#11 /projects/mrp/app/Middleware/SessionMiddleware.php(17): App\Core\Middleware\MiddlewarePipeline->{closure:{closure:App\Core\Middleware\MiddlewarePipeline::process():25}:26}()
#12 /projects/mrp/app/Core/Middleware/MiddlewarePipeline.php(27): App\Middleware\SessionMiddleware->handle()
#13 /projects/mrp/app/Core/Middleware/MiddlewarePipeline.php(33): App\Core\Middleware\MiddlewarePipeline->{closure:{closure:App\Core\Middleware\MiddlewarePipeline::process():25}:26}()
#14 /projects/mrp/app/Core/Kernel.php(36): App\Core\Middleware\MiddlewarePipeline->process()
#15 /projects/mrp/public/index.php(10): App\Core\Kernel->handle()
#16 {main}
2026-02-17 20:55:25 - Start searchVariantes
Query: te
2026-02-17 20:55:27 - Start searchVariantes
Query: tela
2026-02-17 20:56:43 - Start searchVariantes
Query: tela
2026-02-17 20:57:13 - Start searchVariantes
Query: cu
2026-02-17 20:57:14 - Start searchVariantes
Query: cuer
2026-02-17 20:57:24 - Start searchVariantes
Query: tela
2026-02-17 20:57:53 - Start searchVariantes
Query: tela
2026-02-17 20:57:58 - Start searchVariantes
Query: tela
2026-02-17 20:58:02 - Start searchVariantes
Query: tela
2026-02-17 21:32:11 - Start searchVariantes
Query: ty
2026-02-17 21:32:14 - Start searchVariantes
Query: tel
2026-02-17 21:32:15 - Start searchVariantes
Query: tela
2026-02-17 21:33:09 - Start searchVariantes
Query: te
2026-02-17 21:33:10 - Start searchVariantes
Query: tel
2026-02-17 21:35:29 - Start searchVariantes
Query: sc
2026-02-17 21:35:33 - Start searchVariantes
Query: sc1
2026-02-17 21:35:35 - Start searchVariantes
Query: sc1-
2026-02-17 21:43:42 - Start searchVariantes
Query: az
2026-02-17 21:43:43 - Start searchVariantes
Query: azu
2026-02-17 21:43:43 - Start searchVariantes
Query: azul
2026-02-17 21:43:55 - Start searchVariantes
Query: te
2026-02-17 21:43:56 - Start searchVariantes
Query: tel
2026-02-17 21:44:08 - Start searchVariantes
Query: te
2026-02-17 21:44:08 - Start searchVariantes
Query: tel
2026-02-17 21:44:14 - Start searchVariantes
Query: twe
2026-02-17 21:44:15 - Start searchVariantes
Query: twel
2026-02-17 21:44:16 - Start searchVariantes
Query: tw
2026-02-17 21:44:18 - Start searchVariantes
Query: te
2026-02-17 21:44:19 - Start searchVariantes
Query: tel
2026-02-17 21:44:31 - Start searchVariantes
Query: te
2026-02-17 21:44:34 - Start searchVariantes
Query: tel
2026-02-17 21:49:20 - Start searchVariantes
Query: sc
2026-02-17 21:50:11 - Start searchVariantes
Query: sc
2026-02-17 21:50:43 - Start searchVariantes
Query: sc
2026-02-17 21:53:06 - Start searchVariantes
Query: sc
2026-02-17 22:04:12 - Start searchVariantes
Query: te
2026-02-17 22:04:13 - Start searchVariantes
Query: tel
2026-02-17 22:04:39 - Start searchVariantes
Query: te
2026-02-17 22:04:58 - Start searchVariantes
Query: tel
2026-02-17 22:05:17 - Start searchVariantes
Query: sc
2026-02-17 22:05:25 - Start searchVariantes
Query: scq
2026-02-17 22:05:27 - Start searchVariantes
Query: sc1
2026-02-17 22:06:30 - Start searchVariantes
Query: eid
2026-02-17 22:06:33 - Start searchVariantes
Query: te
2026-02-17 22:06:34 - Start searchVariantes
Query: tel
2026-02-17 22:07:11 - Start searchVariantes
Query: va
2026-02-17 22:07:12 - Start searchVariantes
Query: var
2026-02-17 22:07:16 - Start searchVariantes
Query: sc
2026-02-17 22:07:16 - Start searchVariantes
Query: sc1
2026-02-17 22:39:58 - Start searchVariantes
Query: te
2026-02-17 22:40:48 - Start searchVariantes
Query: te
2026-02-17 22:40:49 - Start searchVariantes
Query: tel
2026-02-17 22:43:29 - Start searchVariantes
Query: te
2026-02-17 22:43:29 - Start searchVariantes
Query: tel
2026-02-17 22:58:41 - Start searchVariantes
Query: te
2026-02-17 22:58:41 - Start searchVariantes
Query: tel
2026-02-18 00:43:18 - Start searchVariantes
Query: te
2026-02-18 00:43:18 - Start searchVariantes
Query: tel
2026-02-18 00:48:03 - Start searchVariantes
Query: te
2026-02-18 00:48:03 - Start searchVariantes
Query: tel
2026-02-18 01:02:15 - Start searchVariantes
Query: te
2026-02-18 01:02:16 - Start searchVariantes
Query: tel
2026-02-18 01:14:58 - Start searchVariantes
Query: te
2026-02-18 01:14:58 - Start searchVariantes
Query: teñ
2026-02-18 01:14:59 - Start searchVariantes
Query: telk
2026-02-18 01:14:59 - Start searchVariantes
Query: tel
2026-02-18 01:17:31 - Start searchVariantes
Query: ed
2026-02-18 01:19:43 - Start searchVariantes
Query: te
2026-02-18 01:19:44 - Start searchVariantes
Query: tel
2026-02-18 01:21:42 - Start searchVariantes
Query: te
2026-02-18 01:21:43 - Start searchVariantes
Query: tel
2026-02-18 01:22:06 - Start searchVariantes
Query: te
2026-02-18 01:22:07 - Start searchVariantes
Query: tel
2026-02-18 01:22:20 - Start searchVariantes
Query: te
2026-02-18 01:22:20 - Start searchVariantes
Query: tel
2026-02-18 01:22:31 - Start searchVariantes
Query: te
2026-02-18 01:22:31 - Start searchVariantes
Query: tel
2026-02-18 01:23:18 - Start searchVariantes
Query: te
2026-02-18 01:23:19 - Start searchVariantes
Query: tel
2026-02-18 01:42:07 - Start searchVariantes
Query: te
2026-02-18 01:42:07 - Start searchVariantes
Query: tel
2026-02-18 01:43:51 - Start searchVariantes
Query: te
2026-02-18 01:43:52 - Start searchVariantes
Query: tel
2026-02-18 01:45:22 - Start searchVariantes
Query: te
2026-02-18 01:56:16 - Start searchVariantes
Query: te
2026-02-18 01:56:16 - Start searchVariantes
Query: tel
2026-02-18 01:56:36 - Start searchVariantes
Query: sc
2026-02-18 01:56:36 - Start searchVariantes
Query: sc1
2026-02-18 01:56:39 - Start searchVariantes
Query: sc1-
2026-02-18 01:59:43 - Start searchVariantes
Query: mo
2026-02-18 02:12:42 - Start searchVariantes
Query: mo
2026-02-18 02:12:44 - Start searchVariantes
Query: ca
2026-02-18 02:12:45 - Start searchVariantes
Query: cab
2026-02-18 02:12:55 - Start searchVariantes
Query: ca
2026-02-18 02:12:56 - Start searchVariantes
Query: cab
2026-02-18 02:12:56 - Start searchVariantes
Query: cable
2026-02-18 11:03:51 - Start searchVariantes
Query: 68
2026-02-18 11:09:27 - Start searchVariantes
Query: te
2026-02-18 11:10:18 - Start searchVariantes
Query: pt
2026-02-18 11:10:18 - Start searchVariantes
Query: pt1
2026-02-18 11:10:20 - Start searchVariantes
Query: pt
2026-02-18 11:11:40 - Start searchVariantes
Query: mp
2026-02-18 11:11:40 - Start searchVariantes
Query: mp1
2026-02-18 11:16:29 - Start searchVariantes
Query: sc
2026-02-18 11:16:29 - Start searchVariantes
Query: sc1
2026-02-18 11:18:35 - Start searchVariantes
Query: sc
2026-02-18 11:18:35 - Start searchVariantes
Query: sc1
2026-02-18 11:23:41 - Start searchVariantes
Query: sc
2026-02-18 11:23:41 - Start searchVariantes
Query: sc1
2026-02-18 11:24:24 - Start searchVariantes
Query: sc
2026-02-18 11:24:25 - Start searchVariantes
Query: sc1
2026-02-18 11:25:05 - Start searchVariantes
Query: sc
2026-02-18 11:25:05 - Start searchVariantes
Query: sc1
2026-02-18 11:29:16 - Start searchVariantes
Query: sc
2026-02-18 11:29:17 - Start searchVariantes
Query: sc3
2026-02-18 11:29:19 - Start searchVariantes
Query: sc3-
2026-02-18 11:31:39 - Start searchVariantes
Query: mo
2026-02-18 11:33:51 - Start searchVariantes
Query: ed
2026-02-18 11:34:16 - Start searchVariantes
Query: sc
2026-02-18 11:34:16 - Start searchVariantes
Query: sc3
2026-02-18 11:34:18 - Start searchVariantes
Query: sc3-
2026-02-18 11:35:24 - Start searchVariantes
Query: SC2-STD
2026-02-18 11:36:01 - Start searchVariantes
Query: SC2-STD
2026-02-18 11:39:10 - Start searchVariantes
Query: sc
2026-02-18 11:39:10 - Start searchVariantes
Query: sc3
2026-02-18 11:40:30 - Start searchVariantes
Query: sc
2026-02-18 11:40:31 - Start searchVariantes
Query: sc3
2026-02-18 11:40:32 - Start searchVariantes
Query: sc1
2026-02-18 11:40:33 - Start searchVariantes
Query: sc1-
2026-02-18 11:43:28 - Start searchVariantes
Query: sc
2026-02-18 11:43:31 - Start searchVariantes
Query: sc3
2026-02-18 11:43:32 - Start searchVariantes
Query: sc
2026-02-18 11:43:34 - Start searchVariantes
Query: sc2
2026-02-18 11:44:31 - Start searchVariantes
Query: sc
2026-02-18 11:44:33 - Start searchVariantes
Query: sc2
2026-02-18 11:48:50 - Start searchVariantes
Query: sc
2026-02-18 11:48:50 - Start searchVariantes
Query: sc2
2026-02-18 11:49:17 - Start searchVariantes
Query: sc
2026-02-18 11:49:19 - Start searchVariantes
Query: sc2
2026-02-18 11:50:21 - Start searchVariantes
Query: sc
2026-02-18 11:50:22 - Start searchVariantes
Query: sc2
2026-02-18 11:52:26 - Start searchVariantes
Query: sc
2026-02-18 11:52:27 - Start searchVariantes
Query: sc2
2026-02-22 12:01:26 - Start searchVariantes
Query: sc
2026-02-22 12:01:26 - Start searchVariantes
Query: sc1
2026-02-22 12:01:28 - Start searchVariantes
Query: sc1-
2026-02-22 12:04:07 - Start searchVariantes
Query: sc
2026-02-22 12:04:07 - Start searchVariantes
Query: sc1
2026-02-22 12:04:09 - Start searchVariantes
Query: sc1-
2026-02-22 12:05:53 - Start searchVariantes
Query: mp
2026-02-22 12:05:53 - Start searchVariantes
Query: mp1
2026-02-22 12:05:54 - Start searchVariantes
Query: mp1-
2026-02-22 12:06:04 - Start searchVariantes
Query: mp
2026-02-22 12:06:04 - Start searchVariantes
Query: mp1
2026-02-22 12:06:06 - Start searchVariantes
Query: mp1-
2026-02-22 12:06:06 - Start searchVariantes
Query: mp1-s
2026-02-22 12:11:10 - Start searchVariantes
Query: mp
2026-02-22 12:11:10 - Start searchVariantes
Query: mp1
2026-02-22 12:11:11 - Start searchVariantes
Query: mp1-
2026-02-22 17:11:57 - Start searchVariantes
Query: sx
2026-02-22 17:11:59 - Start searchVariantes
Query: sc
2026-02-22 17:12:00 - Start searchVariantes
Query: sc1
2026-02-22 17:12:04 - Start searchVariantes
Query: sc1-
2026-02-22 17:12:46 - Start searchVariantes
Query: te
2026-02-22 17:12:47 - Start searchVariantes
Query: tela
2026-02-22 17:12:48 - Start searchVariantes
Query: tela1
2026-02-24 22:39:18 - Start searchVariantes
Query: sc
2026-02-24 22:39:19 - Start searchVariantes
Query: sc1
2026-02-24 22:39:21 - Start searchVariantes
Query: sc1-
2026-02-24 22:46:44 - Start searchVariantes
Query: sc
2026-02-24 22:46:45 - Start searchVariantes
Query: sc3
2026-02-24 22:46:46 - Start searchVariantes
Query: sc3-
2026-02-24 22:47:19 - Start searchVariantes
Query: te
2026-02-24 22:47:20 - Start searchVariantes
Query: tel
2026-02-24 23:55:21 - Start searchVariantes
Query: az
2026-02-24 23:55:22 - Start searchVariantes
Query: azu
2026-02-25 00:05:35 - Start searchVariantes
Query: 183
2026-02-25 00:05:38 - Start searchVariantes
Query: az
2026-02-25 00:05:40 - Start searchVariantes
Query: azu
2026-02-25 00:05:40 - Start searchVariantes
Query: azul
2026-02-25 00:55:18 - Start searchVariantes
Query: az
2026-02-25 01:17:25 - Start searchVariantes
Query: az
2026-02-25 01:17:26 - Start searchVariantes
Query: azu
2026-02-25 01:17:26 - Start searchVariantes
Query: azul
2026-02-26 09:24:44 - Start searchVariantes
Query: te
2026-02-26 09:24:44 - Start searchVariantes
Query: tel
2026-02-26 09:40:16 - Start searchVariantes
Query: te
2026-02-26 09:47:41 - Start searchVariantes
Query: te
2026-02-26 09:47:42 - Start searchVariantes
Query: tel
2026-02-26 09:49:39 - Start searchVariantes
Query: tel
2026-02-26 10:08:00 - Start searchVariantes
Query: te
2026-02-26 10:08:00 - Start searchVariantes
Query: tel
2026-03-05 15:00:33 - Start searchVariantes
Query: sa
2026-03-05 15:01:14 - Start searchVariantes
Query: rojo
2026-03-05 15:01:41 - Start searchVariantes
Query: sa
2026-03-05 15:01:41 - Start searchVariantes
Query: sac
2026-03-05 15:01:43 - Start searchVariantes
Query: sa
2026-03-05 15:02:11 - Start searchVariantes
Query: sc
2026-03-05 15:02:16 - Start searchVariantes
Query: sc3
2026-03-05 15:02:17 - Start searchVariantes
Query: sc3-
2026-03-05 15:02:27 - Start searchVariantes
Query: sc
2026-03-05 15:02:28 - Start searchVariantes
Query: sc1
2026-03-05 15:02:30 - Start searchVariantes
Query: sc1-
2026-03-05 17:41:59 - Start searchVariantes
Query: SC
2026-03-05 17:42:00 - Start searchVariantes
Query: SC1
2026-03-05 17:42:02 - Start searchVariantes
Query: SC1-
2026-03-06 10:15:24 - Start searchVariantes
Query: te
2026-03-06 10:15:25 - Start searchVariantes
Query: tela
2026-03-06 15:07:42 - Start searchVariantes
Query: sc
2026-03-06 15:07:45 - Start searchVariantes
Query: sc1
2026-03-06 15:07:45 - Start searchVariantes
Query: sc1-
2026-03-06 20:47:45 - Start searchVariantes
Query: ban
2026-03-06 21:26:27 - Start searchVariantes
Query: SOBRE BILLETERA CHICA
2026-03-06 21:26:32 - Start searchVariantes
Query: SOBRE BILLETERA
2026-03-06 21:33:25 - Start searchVariantes
Query: ban
2026-03-06 21:45:21 - Start searchVariantes
Query: edi
2026-03-06 21:45:23 - Start searchVariantes
Query: ba
2026-03-06 21:53:59 - Start searchVariantes
Query: ba
2026-03-06 21:54:00 - Start searchVariantes
Query: bal
2026-03-06 21:54:01 - Start searchVariantes
Query: ba
2026-03-06 23:53:46 - Start searchVariantes
Query: bol
2026-03-06 23:56:25 - Start searchVariantes
Query: bi
2026-03-06 23:56:26 - Start searchVariantes
Query: bil
2026-03-07 00:08:55 - Start searchVariantes
Query: bi
2026-03-07 00:08:56 - Start searchVariantes
Query: bil
2026-03-07 00:19:06 - Start searchVariantes
Query: bo
2026-03-07 00:19:08 - Start searchVariantes
Query: boñ
2026-03-07 00:19:08 - Start searchVariantes
Query: bo
2026-03-07 00:19:10 - Start searchVariantes
Query: bol
2026-03-07 00:19:12 - Start searchVariantes
Query: bil
2026-03-07 02:22:32 - Start searchVariantes
Query: bil
2026-03-07 12:30:22 - Start searchVariantes
Query: bi
2026-03-07 12:58:41 - Start searchVariantes
Query: bi
2026-03-07 12:58:41 - Start searchVariantes
Query: bil
2026-03-07 12:58:43 - Start searchVariantes
Query: bil
2026-03-07 12:58:44 - Start searchVariantes
Query: bil
2026-03-07 12:58:46 - Start searchVariantes
Query: bil
2026-03-07 12:58:47 - Start searchVariantes
Query: bil
2026-03-07 12:58:48 - Start searchVariantes
Query: bil
2026-03-07 12:58:49 - Start searchVariantes
Query: bil
2026-03-07 13:00:57 - Start searchVariantes
Query: bil
2026-03-07 13:16:31 - Start searchVariantes
Query: bil
2026-03-07 13:22:54 - Start searchVariantes
Query: depl
2026-03-07 13:22:55 - Start searchVariantes
Query: deplo
2026-03-07 13:23:12 - Start searchVariantes
Query: bil
2026-03-07 15:31:15 - Start searchVariantes
Query: bil
2026-03-07 15:37:04 - Start searchVariantes
Query: bil
2026-03-07 15:38:15 - Start searchVariantes
Query: bil
2026-03-07 15:45:19 - Start searchVariantes
Query: bil
2026-03-07 15:54:33 - Start searchVariantes
Query: bil
2026-03-07 16:01:39 - Start searchVariantes
Query: BIL
2026-03-07 16:04:46 - Start searchVariantes
Query: bil
2026-03-07 16:05:02 - Start searchVariantes
Query: bo
2026-03-07 16:05:03 - Start searchVariantes
Query: bil
2026-03-07 16:05:23 - Start searchVariantes
Query: bil
2026-03-07 16:05:38 - Start searchVariantes
Query: bil
2026-03-07 16:06:09 - Start searchVariantes
Query: bil
2026-03-07 16:08:16 - Start searchVariantes
Query: bil
2026-03-07 16:08:32 - Start searchVariantes
Query: bil
2026-03-07 16:08:59 - Start searchVariantes
Query: bil
2026-03-07 16:09:24 - Start searchVariantes
Query: bil
2026-03-07 16:14:24 - Start searchVariantes
Query: bil
2026-03-07 16:16:42 - Start searchVariantes
Query: bil
2026-03-07 16:19:29 - Start searchVariantes
Query: bilk
2026-03-07 16:19:30 - Start searchVariantes
Query: bil
2026-03-07 16:19:44 - Start searchVariantes
Query: bil
2026-03-07 16:22:35 - Start searchVariantes
Query: bil
2026-03-07 16:22:42 - Start searchVariantes
Query: bil
2026-03-07 16:30:02 - Start searchVariantes
Query: bil
2026-03-07 16:38:04 - Start searchVariantes
Query: bil
2026-03-07 16:41:23 - Start searchVariantes
Query: bil
2026-03-07 16:42:10 - Start searchVariantes
Query: bil
2026-03-07 16:46:04 - Start searchVariantes
Query: bil
2026-03-07 17:30:44 - Start searchVariantes
Query: bol
2026-03-07 18:30:57 - Start searchVariantes
Query: bol
2026-03-07 18:32:32 - Start searchVariantes
Query: bol
2026-03-07 18:34:16 - Start searchVariantes
Query: bol
2026-03-07 18:36:08 - Start searchVariantes
Query: bol
2026-03-07 18:47:25 - Start searchVariantes
Query: mo
2026-03-07 18:47:25 - Start searchVariantes
Query: moc
2026-03-08 02:14:26 - Start searchVariantes
Query: ma
2026-03-08 02:14:26 - Start searchVariantes
Query: map
2026-03-08 02:14:54 - Start searchVariantes
Query: ma
2026-03-08 02:14:54 - Start searchVariantes
Query: map
2026-03-08 13:44:51 - Start searchVariantes
Query: PI
2026-03-08 13:44:52 - Start searchVariantes
Query: PIE
2026-03-08 13:45:10 - Start searchVariantes
Query: PIE0
2026-03-08 13:45:11 - Start searchVariantes
Query: PIE04
2026-03-08 13:45:31 - Start searchVariantes
Query: MO
2026-03-08 13:45:38 - Start searchVariantes
Query: PI
2026-03-08 13:45:39 - Start searchVariantes
Query: PIE
2026-03-08 13:47:10 - Start searchVariantes
Query: BA
2026-03-08 13:47:11 - Start searchVariantes
Query: BAN
2026-03-08 13:48:13 - Start searchVariantes
Query: BA
2026-03-08 13:48:14 - Start searchVariantes
Query: BAN
2026-03-08 13:49:14 - Start searchVariantes
Query: lis
2026-03-08 13:49:17 - Start searchVariantes
Query: ne
2026-03-08 13:49:18 - Start searchVariantes
Query: negro
2026-03-08 13:51:52 - Start searchVariantes
Query: ban
2026-03-08 13:54:27 - Start searchVariantes
Query: band
2026-03-08 13:54:51 - Start searchVariantes
Query: pie
2026-03-08 13:54:52 - Start searchVariantes
Query: pie005
2026-03-08 14:07:32 - Start searchVariantes
Query: map
2026-03-08 14:07:33 - Start searchVariantes
Query: map042
2026-03-08 14:09:03 - Start searchVariantes
Query: ba
2026-03-08 14:09:03 - Start searchVariantes
Query: ban
2026-03-08 14:31:42 - Start searchVariantes
Query: mp
2026-03-08 14:31:43 - Start searchVariantes
Query: mp0
2026-03-08 14:31:43 - Start searchVariantes
Query: mp042
2026-03-08 14:31:46 - Start searchVariantes
Query: mp04
2026-03-08 14:31:48 - Start searchVariantes
Query: mp0
2026-03-08 14:31:49 - Start searchVariantes
Query: mp
2026-03-08 14:31:53 - Start searchVariantes
Query: mp0
2026-03-08 14:31:58 - Start searchVariantes
Query: mp
2026-03-08 14:32:05 - Start searchVariantes
Query: 42
2026-03-08 14:34:48 - Start searchVariantes
Query: map
2026-03-08 14:34:48 - Start searchVariantes
Query: map0
2026-03-08 14:34:50 - Start searchVariantes
Query: map04
2026-03-08 14:34:51 - Start searchVariantes
Query: map042
2026-03-08 14:35:33 - Start searchVariantes
Query: ban
2026-03-08 15:19:58 - Start searchVariantes
Query: map
2026-03-08 15:19:59 - Start searchVariantes
Query: map0
2026-03-08 15:20:58 - Start searchVariantes
Query: bo
2026-03-08 15:21:01 - Start searchVariantes
Query: bon
2026-03-08 15:21:05 - Start searchVariantes
Query: ba
2026-03-08 15:21:06 - Start searchVariantes
Query: ban
2026-03-08 15:25:38 - Start searchVariantes
Query: ma
2026-03-08 15:25:38 - Start searchVariantes
Query: map
2026-03-08 16:29:03 - Start searchVariantes
Query: bas
2026-03-08 16:29:05 - Start searchVariantes
Query: bad
2026-03-08 16:29:05 - Start searchVariantes
Query: ba
2026-03-08 16:29:06 - Start searchVariantes
Query: ban
2026-03-08 17:47:50 - Start searchVariantes
Query: ba
2026-03-08 17:47:51 - Start searchVariantes
Query: ban
2026-03-08 18:03:42 - Start searchVariantes
Query: ma
2026-03-08 18:12:31 - Start searchVariantes
Query: ban
2026-03-08 18:14:41 - Start searchVariantes
Query: pi
2026-03-08 18:14:41 - Start searchVariantes
Query: pie
2026-03-08 18:14:42 - Start searchVariantes
Query: pie0052
2026-03-08 18:14:44 - Start searchVariantes
Query: pie0052
2026-03-08 18:14:45 - Start searchVariantes
Query: pie005
2026-03-08 18:16:51 - Start searchVariantes
Query: part
2026-03-08 18:16:55 - Start searchVariantes
Query: pie
2026-03-08 18:16:56 - Start searchVariantes
Query: piez
2026-03-08 18:16:57 - Start searchVariantes
Query: pie
2026-03-08 18:17:14 - Start searchVariantes
Query: pi
2026-03-08 18:17:15 - Start searchVariantes
Query: pie
2026-03-08 18:17:17 - Start searchVariantes
Query: pie005
2026-03-08 18:20:05 - Start searchVariantes
Query: mano de
2026-03-08 18:20:08 - Start searchVariantes
Query: mano
2026-03-08 18:20:15 - Start searchVariantes
Query: man
2026-03-08 18:23:52 - Start searchVariantes
Query: band
2026-03-08 18:24:16 - Start searchVariantes
Query: banda
2026-03-08 18:24:18 - Start searchVariantes
Query: band
2026-03-08 18:30:41 - Start searchVariantes
Query: ban
2026-03-08 18:31:50 - Start searchVariantes
Query: MAP016
2026-03-08 18:55:25 - Start searchVariantes
Query: ban
2026-03-08 19:11:05 - Start searchVariantes
Query: ba
2026-03-08 19:11:06 - Start searchVariantes
Query: band
2026-03-08 19:15:54 - Start searchVariantes
Query: PIE009
2026-03-08 19:16:15 - Start searchVariantes
Query: PIE010
2026-03-08 19:16:30 - Start searchVariantes
Query: PIE011
2026-03-08 19:16:54 - Start searchVariantes
Query: PIE012
2026-03-08 19:17:09 - Start searchVariantes
Query: PIE013
2026-03-08 19:17:23 - Start searchVariantes
Query: PIE013
2026-03-08 19:18:35 - Start searchVariantes
Query: PIE014
2026-03-08 19:18:51 - Start searchVariantes
Query: PIE015
2026-03-08 19:20:37 - Start searchVariantes
Query: PIE016
2026-03-08 19:21:10 - Start searchVariantes
Query: PIE129
2026-03-08 19:24:34 - Start searchVariantes
Query: MAP016
2026-03-08 19:26:18 - Start searchVariantes
Query: MAP016
2026-03-08 19:26:53 - Start searchVariantes
Query: MAP016
2026-03-08 19:27:13 - Start searchVariantes
Query: MAP001
2026-03-08 19:27:34 - Start searchVariantes
Query: MAP001
2026-03-08 19:27:58 - Start searchVariantes
Query: MAP001
2026-03-08 19:28:44 - Start searchVariantes
Query: MAP001
2026-03-08 19:32:33 - Start searchVariantes
Query: band
2026-03-08 19:32:41 - Start searchVariantes
Query: bandol
2026-03-08 19:32:42 - Start searchVariantes
Query: bandolera
2026-03-08 19:33:06 - Start searchVariantes
Query: ban
2026-03-08 19:33:09 - Start searchVariantes
Query: ban00
2026-03-08 19:33:09 - Start searchVariantes
Query: ban001
2026-03-08 19:35:37 - Start searchVariantes
Query: PIE005
2026-03-08 19:36:58 - Start searchVariantes
Query: PIE006
2026-03-08 19:37:11 - Start searchVariantes
Query: PIE008
2026-03-08 19:37:23 - Start searchVariantes
Query: PIE009
2026-03-08 19:37:37 - Start searchVariantes
Query: PIE010
2026-03-08 19:58:08 - Start searchVariantes
Query: band
2026-03-08 19:58:16 - Start searchVariantes
Query: ban
2026-03-08 19:58:17 - Start searchVariantes
Query: ban001
2026-03-08 20:32:25 - Start searchVariantes
Query: ba
2026-03-08 20:32:26 - Start searchVariantes
Query: ban
2026-03-08 20:32:29 - Start searchVariantes
Query: band
2026-03-08 20:32:30 - Start searchVariantes
Query: bandol
2026-03-08 20:32:30 - Start searchVariantes
Query: bandoler
2026-03-08 20:32:36 - Start searchVariantes
Query: ban00
2026-03-08 20:47:15 - Start searchVariantes
Query: bol
2026-03-09 00:12:27 - Start searchVariantes
Query: pie
2026-03-09 00:12:30 - Start searchVariantes
Query: pie00
2026-03-09 00:12:30 - Start searchVariantes
Query: pie001
2026-03-09 00:20:21 - Start searchVariantes
Query: se
2026-03-09 00:20:21 - Start searchVariantes
Query: sea
2026-03-09 00:20:31 - Start searchVariantes
Query: mo
2026-03-09 00:20:32 - Start searchVariantes
Query: moy
2026-03-09 00:20:33 - Start searchVariantes
Query: mot
2026-03-09 00:20:33 - Start searchVariantes
Query: motr
2026-03-09 00:20:34 - Start searchVariantes
Query: mo
2026-03-09 00:20:55 - Start searchVariantes
Query: mo
2026-03-09 00:21:32 - Start searchVariantes
Query: bi
2026-03-09 00:21:33 - Start searchVariantes
Query: bic
2026-03-09 00:21:33 - Start searchVariantes
Query: bici
2026-03-09 00:53:35 - Start searchVariantes
Query: me
2026-03-09 00:54:27 - Start searchVariantes
Query: bo
2026-03-09 01:53:21 - Start searchVariantes
Query: 112
2026-03-09 01:54:21 - Start searchVariantes
Query: bol
2026-03-09 01:54:23 - Start searchVariantes
Query: bol001
2026-03-09 02:04:54 - Start searchVariantes
Query: bol
2026-03-09 02:07:44 - Start searchVariantes
Query: bol
2026-03-09 12:42:50 - Start searchVariantes
Query: pie
2026-03-09 12:53:47 - Start searchVariantes
Query: pie
2026-03-09 14:07:04 - Start searchVariantes
Query: pie
2026-03-09 14:07:06 - Start searchVariantes
Query: pie002
2026-03-09 14:07:12 - Start searchVariantes
Query: pir
2026-03-09 14:07:12 - Start searchVariantes
Query: pire
2026-03-09 14:07:13 - Start searchVariantes
Query: pie
2026-03-09 14:07:14 - Start searchVariantes
Query: pie
2026-03-09 14:09:45 - Start searchVariantes
Query: bol
2026-03-09 14:27:43 - Start searchVariantes
Query: bol
2026-03-09 14:59:51 - Start searchVariantes
Query: bol
2026-03-09 15:00:57 - Start searchVariantes
Query: bol
2026-03-09 15:14:56 - Start searchVariantes
Query: bol
2026-03-09 15:17:38 - Start searchVariantes
Query: map
2026-03-09 15:17:40 - Start searchVariantes
Query: map002
2026-03-09 15:17:43 - Start searchVariantes
Query: map003
2026-03-09 15:18:50 - Start searchVariantes
Query: bom
2026-03-09 15:18:52 - Start searchVariantes
Query: bom001
2026-03-09 15:18:57 - Start searchVariantes
Query: bol001
2026-03-09 18:09:15 - Start searchVariantes
Query: bil
2026-03-09 18:09:26 - Start searchVariantes
Query: bol
2026-03-09 18:25:34 - Start searchVariantes
Query: bol
2026-03-09 18:25:59 - Start searchVariantes
Query: BOL001
2026-03-09 18:35:02 - Start searchVariantes
Query: bol
2026-03-09 18:35:03 - Start searchVariantes
Query: bol00
2026-03-09 18:41:09 - Start searchVariantes
Query: bol
2026-03-09 18:41:11 - Start searchVariantes
Query: bol..
2026-03-09 18:41:12 - Start searchVariantes
Query: bol
2026-03-09 18:41:13 - Start searchVariantes
Query: bol00
2026-03-09 18:51:45 - Start searchVariantes
Query: bol
2026-03-09 18:59:55 - Start searchVariantes
Query: bom
2026-03-09 18:59:55 - Start searchVariantes
Query: bo
2026-03-09 18:59:56 - Start searchVariantes
Query: bol
2026-03-09 19:00:45 - Start searchVariantes
Query: bol
2026-03-09 19:01:33 - Start searchVariantes
Query: bol
